[31-Mar-2026 06:16:39 UTC] === HOSE BUILDER FORM SUBMITTED ===
[31-Mar-2026 06:16:39 UTC] POST data: Array
(
    [hose_end_1_type] => carbon_steel
    [department] => 36
    [hose_type] => 37
    [selected_product] => product_1057
    [hose_end_2_type] => carbon_steel
    [part_number] => 1
    [instructions] => 1
    [length_range] => 5000
    [length_value] => 5000
    [length_unit] => inches
    [quantity] => 1
    [hb_add_to_cart] => 
    [hose_end_1_selected] => 1067
    [hose_end_2_selected] => 1070
    [is_update] => no
    [cart_keys_to_remove] => 
)

[31-Mar-2026 06:16:39 UTC] Is update mode: NO
[31-Mar-2026 06:16:39 UTC] Cart keys to remove count: 0
[31-Mar-2026 06:16:39 UTC] Cart keys to remove: Array
(
)

[31-Mar-2026 06:16:39 UTC] NOT in update mode - regular add to cart
[31-Mar-2026 06:16:39 UTC] Selected product ID: 1057
[31-Mar-2026 06:16:39 UTC] Hose End 1 - Type: carbon_steel, Selected: 1067
[31-Mar-2026 06:16:39 UTC] Hose End 2 - Type: carbon_steel, Selected: 1070
[31-Mar-2026 06:16:39 UTC] Left product ID: 1067
[31-Mar-2026 06:16:39 UTC] Right product ID: 1070
[31-Mar-2026 06:16:39 UTC] Quantity: 1
[31-Mar-2026 06:16:39 UTC] Part Number: 1
[31-Mar-2026 06:16:39 UTC] Added main product to cart. Cart key: d8700cbd38cc9f30cecb34f0c195b137
[31-Mar-2026 06:16:39 UTC] Added left hose end to cart. Cart key: 31857b449c407203749ae32dd0e7d64a
[31-Mar-2026 06:16:39 UTC] Added right hose end to cart. Cart key: dc58e3a306451c9d670adcd37004f48f
[31-Mar-2026 06:16:39 UTC] Redirecting to cart page. Update mode: NO
[31-Mar-2026 06:21:26 UTC] === HOSE BUILDER FORM SUBMITTED ===
[31-Mar-2026 06:21:26 UTC] POST data: Array
(
    [hose_end_1_type] => carbon_steel
    [department] => 36
    [hose_type] => 37
    [selected_product] => product_1057
    [hose_end_2_type] => carbon_steel
    [part_number] => 1
    [instructions] => 1
    [length_range] => 5000
    [length_value] => 5000
    [length_unit] => inches
    [quantity] => 1
    [hb_add_to_cart] => 
    [hose_end_1_selected] => 1067
    [hose_end_2_selected] => 1070
    [is_update] => no
    [cart_keys_to_remove] => 
)

[31-Mar-2026 06:21:26 UTC] Is update mode: NO
[31-Mar-2026 06:21:26 UTC] Cart keys to remove count: 0
[31-Mar-2026 06:21:26 UTC] Cart keys to remove: Array
(
)

[31-Mar-2026 06:21:26 UTC] NOT in update mode - regular add to cart
[31-Mar-2026 06:21:26 UTC] Selected product ID: 1057
[31-Mar-2026 06:21:26 UTC] Hose End 1 - Type: carbon_steel, Selected: 1067
[31-Mar-2026 06:21:26 UTC] Hose End 2 - Type: carbon_steel, Selected: 1070
[31-Mar-2026 06:21:26 UTC] Left product ID: 1067
[31-Mar-2026 06:21:26 UTC] Right product ID: 1070
[31-Mar-2026 06:21:26 UTC] Quantity: 1
[31-Mar-2026 06:21:26 UTC] Part Number: 1
[31-Mar-2026 06:21:26 UTC] Added main product to cart. Cart key: d8700cbd38cc9f30cecb34f0c195b137
[31-Mar-2026 06:21:26 UTC] Added left hose end to cart. Cart key: 31857b449c407203749ae32dd0e7d64a
[31-Mar-2026 06:21:26 UTC] Added right hose end to cart. Cart key: dc58e3a306451c9d670adcd37004f48f
[31-Mar-2026 06:21:26 UTC] Redirecting to cart page. Update mode: NO
[31-Mar-2026 06:25:55 UTC] === HOSE BUILDER FORM SUBMITTED ===
[31-Mar-2026 06:25:55 UTC] POST data: Array
(
    [hose_end_1_type] => carbon_steel
    [department] => 36
    [hose_type] => 37
    [selected_product] => product_1057
    [hose_end_2_type] => carbon_steel
    [part_number] => 1
    [instructions] => 1
    [length_range] => 5000
    [length_value] => 5000
    [length_unit] => inches
    [quantity] => 1
    [hb_add_to_cart] => 
    [hose_end_1_selected] => 1067
    [hose_end_2_selected] => 1070
    [is_update] => no
    [cart_keys_to_remove] => 
)

[31-Mar-2026 06:25:55 UTC] Is update mode: NO
[31-Mar-2026 06:25:55 UTC] Cart keys to remove count: 0
[31-Mar-2026 06:25:55 UTC] Cart keys to remove: Array
(
)

[31-Mar-2026 06:25:55 UTC] Selected product ID: 1057
[31-Mar-2026 06:25:55 UTC] Hose End 1 - Type: carbon_steel, Selected: 1067
[31-Mar-2026 06:25:55 UTC] Hose End 2 - Type: carbon_steel, Selected: 1070
[31-Mar-2026 06:25:55 UTC] Left product ID: 1067
[31-Mar-2026 06:25:55 UTC] Right product ID: 1070
[31-Mar-2026 06:25:55 UTC] Quantity: 1
[31-Mar-2026 06:25:55 UTC] Part Number: 1
[31-Mar-2026 06:25:55 UTC] Added main product to cart. Cart key: d8700cbd38cc9f30cecb34f0c195b137
[31-Mar-2026 06:25:55 UTC] Added left hose end to cart. Cart key: 31857b449c407203749ae32dd0e7d64a
[31-Mar-2026 06:25:55 UTC] Added right hose end to cart. Cart key: dc58e3a306451c9d670adcd37004f48f
[31-Mar-2026 06:25:55 UTC] Redirecting to cart page. Update mode: NO
[31-Mar-2026 06:46:40 UTC] === HOSE BUILDER FORM SUBMITTED ===
[31-Mar-2026 06:46:40 UTC] POST data: Array
(
    [hose_end_1_type] => carbon_steel
    [department] => 36
    [hose_type] => 37
    [selected_product] => product_1057
    [hose_end_2_type] => carbon_steel
    [part_number] => 1
    [instructions] => 1
    [length_range] => 5000
    [length_value] => 5000
    [length_unit] => inches
    [quantity] => 1
    [hb_add_to_cart] => 
    [hose_end_1_selected] => 1067
    [hose_end_2_selected] => 1070
    [is_update] => no
    [cart_keys_to_remove] => 
)

[31-Mar-2026 06:46:40 UTC] Is update mode: NO
[31-Mar-2026 06:46:40 UTC] Cart keys to remove count: 0
[31-Mar-2026 06:46:40 UTC] Cart keys to remove: Array
(
)

[31-Mar-2026 06:46:40 UTC] Selected product ID: 1057
[31-Mar-2026 06:46:40 UTC] Hose End 1 - Type: carbon_steel, Selected: 1067
[31-Mar-2026 06:46:40 UTC] Hose End 2 - Type: carbon_steel, Selected: 1070
[31-Mar-2026 06:46:40 UTC] Left product ID: 1067
[31-Mar-2026 06:46:40 UTC] Right product ID: 1070
[31-Mar-2026 06:46:40 UTC] Quantity: 1
[31-Mar-2026 06:46:40 UTC] Part Number: 1
[31-Mar-2026 06:46:40 UTC] Added main product to cart. Cart key: d8700cbd38cc9f30cecb34f0c195b137
[31-Mar-2026 06:46:40 UTC] Added left hose end to cart. Cart key: 31857b449c407203749ae32dd0e7d64a
[31-Mar-2026 06:46:40 UTC] Added right hose end to cart. Cart key: dc58e3a306451c9d670adcd37004f48f
[31-Mar-2026 06:46:40 UTC] Redirecting to cart page. Update mode: NO
[31-Mar-2026 11:39:56 UTC] PHP Fatal error:  Uncaught Error: Call to a member function get_gallery_image_ids() on bool in C:\xampp\htdocs\viphoseandseals\wp-content\plugins\elementor\modules\ai\module.php:351
Stack trace:
#0 C:\xampp\htdocs\viphoseandseals\wp-includes\class-wp-hook.php(324): Elementor\Modules\Ai\Module->get_product_images_ajax('')
#1 C:\xampp\htdocs\viphoseandseals\wp-includes\class-wp-hook.php(348): WP_Hook->apply_filters('', Array)
#2 C:\xampp\htdocs\viphoseandseals\wp-includes\plugin.php(517): WP_Hook->do_action(Array)
#3 C:\xampp\htdocs\viphoseandseals\wp-admin\admin-ajax.php(192): do_action('wp_ajax_element...')
#4 {main}
  thrown in C:\xampp\htdocs\viphoseandseals\wp-content\plugins\elementor\modules\ai\module.php on line 351
[31-Mar-2026 11:56:18 UTC] PHP Fatal error:  Cannot redeclare hb_save_assembly_data_to_order_item() (previously declared in C:\xampp\htdocs\viphoseandseals\wp-content\plugins\hose-builder\includes\form-handler.php:244) in C:\xampp\htdocs\viphoseandseals\wp-content\plugins\hose-builder\includes\cart-display.php on line 448
[31-Mar-2026 11:58:16 UTC] PHP Fatal error:  Cannot redeclare hb_save_assembly_data_to_order_item() (previously declared in C:\xampp\htdocs\viphoseandseals\wp-content\plugins\hose-builder\includes\form-handler.php:244) in C:\xampp\htdocs\viphoseandseals\wp-content\plugins\hose-builder\includes\cart-display.php on line 448
[31-Mar-2026 11:58:17 UTC] PHP Fatal error:  Cannot redeclare hb_save_assembly_data_to_order_item() (previously declared in C:\xampp\htdocs\viphoseandseals\wp-content\plugins\hose-builder\includes\form-handler.php:244) in C:\xampp\htdocs\viphoseandseals\wp-content\plugins\hose-builder\includes\cart-display.php on line 448
[31-Mar-2026 12:14:29 UTC] PHP Fatal error:  Uncaught Error: Call to undefined function get_open_product_id() in C:\xampp\htdocs\viphoseandseals\wp-content\plugins\hose-builder\templates\form.php:363
Stack trace:
#0 C:\xampp\htdocs\viphoseandseals\wp-content\plugins\hose-builder\hose-builder.php(41): include()
#1 C:\xampp\htdocs\viphoseandseals\wp-includes\shortcodes.php(434): {closure}(Array, '', 'hose_builder')
#2 [internal function]: do_shortcode_tag(Array)
#3 C:\xampp\htdocs\viphoseandseals\wp-includes\shortcodes.php(273): preg_replace_callback('/\\[(\\[?)(hose_b...', 'do_shortcode_ta...', '[hose_builder]')
#4 C:\xampp\htdocs\viphoseandseals\wp-content\plugins\elementor\includes\widgets\shortcode.php(141): do_shortcode('[hose_builder]')
#5 C:\xampp\htdocs\viphoseandseals\wp-content\plugins\elementor\includes\base\controls-stack.php(2374): Elementor\Widget_Shortcode->render()
#6 C:\xampp\htdocs\viphoseandseals\wp-content\plugins\elementor\includes\base\widget-base.php(636): Elementor\Controls_Stack->render_by_mode()
#7 C:\xampp\htdocs\viphoseandseals\wp-content\plugins\elementor\includes\base\widget-base.php(774): Elementor\Widget_Base->render_content()
#8 C:\xampp\htdocs\viphoseandseals\wp-content\plugins\elementor\includes\base\element-base.php(494): Elementor\Widget_Base->print_content()
#9 C:\xampp\htdocs\viphoseandseals\wp-content\plugins\elementor\modules\element-cache\module.php(71): Elementor\Element_Base->print_element()
#10 C:\xampp\htdocs\viphoseandseals\wp-includes\shortcodes.php(434): Elementor\Modules\ElementCache\Module->Elementor\Modules\ElementCache\{closure}(Array, '', 'elementor-eleme...')
#11 [internal function]: do_shortcode_tag(Array)
#12 C:\xampp\htdocs\viphoseandseals\wp-includes\shortcodes.php(273): preg_replace_callback('/\\[(\\[?)(elemen...', 'do_shortcode_ta...', '<div class="ele...')
#13 C:\xampp\htdocs\viphoseandseals\wp-content\plugins\elementor\core\base\document.php(1888): do_shortcode('<div class="ele...')
#14 C:\xampp\htdocs\viphoseandseals\wp-content\plugins\elementor\core\base\document.php(1221): Elementor\Core\Base\Document->print_elements(Array)
#15 C:\xampp\htdocs\viphoseandseals\wp-content\plugins\elementor\includes\frontend.php(1198): Elementor\Core\Base\Document->print_elements_with_wrapper(Array)
#16 C:\xampp\htdocs\viphoseandseals\wp-content\plugins\elementor\includes\frontend.php(1093): Elementor\Frontend->get_builder_content(727)
#17 C:\xampp\htdocs\viphoseandseals\wp-includes\class-wp-hook.php(324): Elementor\Frontend->apply_builder_in_content('<h2>Build a Hos...')
#18 C:\xampp\htdocs\viphoseandseals\wp-includes\plugin.php(205): WP_Hook->apply_filters('<h2>Build a Hos...', Array)
#19 C:\xampp\htdocs\viphoseandseals\wp-includes\post-template.php(256): apply_filters('the_content', '<h2>Build a Hos...')
#20 C:\xampp\htdocs\viphoseandseals\wp-content\plugins\elementor\modules\page-templates\module.php(188): the_content()
#21 [internal function]: Elementor\Modules\PageTemplates\Module->print_callback()
#22 C:\xampp\htdocs\viphoseandseals\wp-content\plugins\elementor\modules\page-templates\module.php(205): call_user_func(Array)
#23 C:\xampp\htdocs\viphoseandseals\wp-content\plugins\elementor\modules\page-templates\templates\header-footer.php(19): Elementor\Modules\PageTemplates\Module->print_content()
#24 C:\xampp\htdocs\viphoseandseals\wp-includes\template-loader.php(106): include('C:\\xampp\\htdocs...')
#25 C:\xampp\htdocs\viphoseandseals\wp-blog-header.php(19): require_once('C:\\xampp\\htdocs...')
#26 C:\xampp\htdocs\viphoseandseals\index.php(17): require('C:\\xampp\\htdocs...')
#27 {main}
  thrown in C:\xampp\htdocs\viphoseandseals\wp-content\plugins\hose-builder\templates\form.php on line 363
[31-Mar-2026 12:14:45 UTC] PHP Fatal error:  Uncaught Error: Call to undefined function get_open_product_id() in C:\xampp\htdocs\viphoseandseals\wp-content\plugins\hose-builder\templates\form.php:363
Stack trace:
#0 C:\xampp\htdocs\viphoseandseals\wp-content\plugins\hose-builder\hose-builder.php(41): include()
#1 C:\xampp\htdocs\viphoseandseals\wp-includes\shortcodes.php(434): {closure}(Array, '', 'hose_builder')
#2 [internal function]: do_shortcode_tag(Array)
#3 C:\xampp\htdocs\viphoseandseals\wp-includes\shortcodes.php(273): preg_replace_callback('/\\[(\\[?)(hose_b...', 'do_shortcode_ta...', '[hose_builder]')
#4 C:\xampp\htdocs\viphoseandseals\wp-content\plugins\elementor\includes\widgets\shortcode.php(141): do_shortcode('[hose_builder]')
#5 C:\xampp\htdocs\viphoseandseals\wp-content\plugins\elementor\includes\base\controls-stack.php(2374): Elementor\Widget_Shortcode->render()
#6 C:\xampp\htdocs\viphoseandseals\wp-content\plugins\elementor\includes\base\widget-base.php(636): Elementor\Controls_Stack->render_by_mode()
#7 C:\xampp\htdocs\viphoseandseals\wp-content\plugins\elementor\includes\base\widget-base.php(774): Elementor\Widget_Base->render_content()
#8 C:\xampp\htdocs\viphoseandseals\wp-content\plugins\elementor\includes\base\element-base.php(494): Elementor\Widget_Base->print_content()
#9 C:\xampp\htdocs\viphoseandseals\wp-content\plugins\elementor\modules\element-cache\module.php(71): Elementor\Element_Base->print_element()
#10 C:\xampp\htdocs\viphoseandseals\wp-includes\shortcodes.php(434): Elementor\Modules\ElementCache\Module->Elementor\Modules\ElementCache\{closure}(Array, '', 'elementor-eleme...')
#11 [internal function]: do_shortcode_tag(Array)
#12 C:\xampp\htdocs\viphoseandseals\wp-includes\shortcodes.php(273): preg_replace_callback('/\\[(\\[?)(elemen...', 'do_shortcode_ta...', '<div class="ele...')
#13 C:\xampp\htdocs\viphoseandseals\wp-content\plugins\elementor\core\base\document.php(1888): do_shortcode('<div class="ele...')
#14 C:\xampp\htdocs\viphoseandseals\wp-content\plugins\elementor\core\base\document.php(1221): Elementor\Core\Base\Document->print_elements(Array)
#15 C:\xampp\htdocs\viphoseandseals\wp-content\plugins\elementor\includes\frontend.php(1198): Elementor\Core\Base\Document->print_elements_with_wrapper(Array)
#16 C:\xampp\htdocs\viphoseandseals\wp-content\plugins\elementor\includes\frontend.php(1093): Elementor\Frontend->get_builder_content(727)
#17 C:\xampp\htdocs\viphoseandseals\wp-includes\class-wp-hook.php(324): Elementor\Frontend->apply_builder_in_content('<h2>Build a Hos...')
#18 C:\xampp\htdocs\viphoseandseals\wp-includes\plugin.php(205): WP_Hook->apply_filters('<h2>Build a Hos...', Array)
#19 C:\xampp\htdocs\viphoseandseals\wp-includes\post-template.php(256): apply_filters('the_content', '<h2>Build a Hos...')
#20 C:\xampp\htdocs\viphoseandseals\wp-content\plugins\elementor\modules\page-templates\module.php(188): the_content()
#21 [internal function]: Elementor\Modules\PageTemplates\Module->print_callback()
#22 C:\xampp\htdocs\viphoseandseals\wp-content\plugins\elementor\modules\page-templates\module.php(205): call_user_func(Array)
#23 C:\xampp\htdocs\viphoseandseals\wp-content\plugins\elementor\modules\page-templates\templates\header-footer.php(19): Elementor\Modules\PageTemplates\Module->print_content()
#24 C:\xampp\htdocs\viphoseandseals\wp-includes\template-loader.php(106): include('C:\\xampp\\htdocs...')
#25 C:\xampp\htdocs\viphoseandseals\wp-blog-header.php(19): require_once('C:\\xampp\\htdocs...')
#26 C:\xampp\htdocs\viphoseandseals\index.php(17): require('C:\\xampp\\htdocs...')
#27 {main}
  thrown in C:\xampp\htdocs\viphoseandseals\wp-content\plugins\hose-builder\templates\form.php on line 363
[31-Mar-2026 12:14:55 UTC] PHP Fatal error:  Uncaught Error: Call to undefined function get_open_product_id() in C:\xampp\htdocs\viphoseandseals\wp-content\plugins\hose-builder\templates\form.php:363
Stack trace:
#0 C:\xampp\htdocs\viphoseandseals\wp-content\plugins\hose-builder\hose-builder.php(41): include()
#1 C:\xampp\htdocs\viphoseandseals\wp-includes\shortcodes.php(434): {closure}(Array, '', 'hose_builder')
#2 [internal function]: do_shortcode_tag(Array)
#3 C:\xampp\htdocs\viphoseandseals\wp-includes\shortcodes.php(273): preg_replace_callback('/\\[(\\[?)(hose_b...', 'do_shortcode_ta...', '[hose_builder]')
#4 C:\xampp\htdocs\viphoseandseals\wp-content\plugins\elementor\includes\widgets\shortcode.php(141): do_shortcode('[hose_builder]')
#5 C:\xampp\htdocs\viphoseandseals\wp-content\plugins\elementor\includes\base\controls-stack.php(2374): Elementor\Widget_Shortcode->render()
#6 C:\xampp\htdocs\viphoseandseals\wp-content\plugins\elementor\includes\base\widget-base.php(636): Elementor\Controls_Stack->render_by_mode()
#7 C:\xampp\htdocs\viphoseandseals\wp-content\plugins\elementor\includes\base\widget-base.php(774): Elementor\Widget_Base->render_content()
#8 C:\xampp\htdocs\viphoseandseals\wp-content\plugins\elementor\includes\base\element-base.php(494): Elementor\Widget_Base->print_content()
#9 C:\xampp\htdocs\viphoseandseals\wp-content\plugins\elementor\modules\element-cache\module.php(71): Elementor\Element_Base->print_element()
#10 C:\xampp\htdocs\viphoseandseals\wp-includes\shortcodes.php(434): Elementor\Modules\ElementCache\Module->Elementor\Modules\ElementCache\{closure}(Array, '', 'elementor-eleme...')
#11 [internal function]: do_shortcode_tag(Array)
#12 C:\xampp\htdocs\viphoseandseals\wp-includes\shortcodes.php(273): preg_replace_callback('/\\[(\\[?)(elemen...', 'do_shortcode_ta...', '<div class="ele...')
#13 C:\xampp\htdocs\viphoseandseals\wp-content\plugins\elementor\core\base\document.php(1888): do_shortcode('<div class="ele...')
#14 C:\xampp\htdocs\viphoseandseals\wp-content\plugins\elementor\core\base\document.php(1221): Elementor\Core\Base\Document->print_elements(Array)
#15 C:\xampp\htdocs\viphoseandseals\wp-content\plugins\elementor\includes\frontend.php(1198): Elementor\Core\Base\Document->print_elements_with_wrapper(Array)
#16 C:\xampp\htdocs\viphoseandseals\wp-content\plugins\elementor\includes\frontend.php(1093): Elementor\Frontend->get_builder_content(727)
#17 C:\xampp\htdocs\viphoseandseals\wp-includes\class-wp-hook.php(324): Elementor\Frontend->apply_builder_in_content('<h2>Build a Hos...')
#18 C:\xampp\htdocs\viphoseandseals\wp-includes\plugin.php(205): WP_Hook->apply_filters('<h2>Build a Hos...', Array)
#19 C:\xampp\htdocs\viphoseandseals\wp-includes\post-template.php(256): apply_filters('the_content', '<h2>Build a Hos...')
#20 C:\xampp\htdocs\viphoseandseals\wp-content\plugins\elementor\modules\page-templates\module.php(188): the_content()
#21 [internal function]: Elementor\Modules\PageTemplates\Module->print_callback()
#22 C:\xampp\htdocs\viphoseandseals\wp-content\plugins\elementor\modules\page-templates\module.php(205): call_user_func(Array)
#23 C:\xampp\htdocs\viphoseandseals\wp-content\plugins\elementor\modules\page-templates\templates\header-footer.php(19): Elementor\Modules\PageTemplates\Module->print_content()
#24 C:\xampp\htdocs\viphoseandseals\wp-includes\template-loader.php(106): include('C:\\xampp\\htdocs...')
#25 C:\xampp\htdocs\viphoseandseals\wp-blog-header.php(19): require_once('C:\\xampp\\htdocs...')
#26 C:\xampp\htdocs\viphoseandseals\index.php(17): require('C:\\xampp\\htdocs...')
#27 {main}
  thrown in C:\xampp\htdocs\viphoseandseals\wp-content\plugins\hose-builder\templates\form.php on line 363
[31-Mar-2026 12:17:21 UTC] PHP Fatal error:  Uncaught Error: Call to undefined function get_open_product_id() in C:\xampp\htdocs\viphoseandseals\wp-content\plugins\hose-builder\templates\form.php:363
Stack trace:
#0 C:\xampp\htdocs\viphoseandseals\wp-content\plugins\hose-builder\hose-builder.php(41): include()
#1 C:\xampp\htdocs\viphoseandseals\wp-includes\shortcodes.php(434): {closure}(Array, '', 'hose_builder')
#2 [internal function]: do_shortcode_tag(Array)
#3 C:\xampp\htdocs\viphoseandseals\wp-includes\shortcodes.php(273): preg_replace_callback('/\\[(\\[?)(hose_b...', 'do_shortcode_ta...', '[hose_builder]')
#4 C:\xampp\htdocs\viphoseandseals\wp-content\plugins\elementor\includes\widgets\shortcode.php(141): do_shortcode('[hose_builder]')
#5 C:\xampp\htdocs\viphoseandseals\wp-content\plugins\elementor\includes\base\controls-stack.php(2374): Elementor\Widget_Shortcode->render()
#6 C:\xampp\htdocs\viphoseandseals\wp-content\plugins\elementor\includes\base\widget-base.php(636): Elementor\Controls_Stack->render_by_mode()
#7 C:\xampp\htdocs\viphoseandseals\wp-content\plugins\elementor\includes\base\widget-base.php(774): Elementor\Widget_Base->render_content()
#8 C:\xampp\htdocs\viphoseandseals\wp-content\plugins\elementor\includes\base\element-base.php(494): Elementor\Widget_Base->print_content()
#9 C:\xampp\htdocs\viphoseandseals\wp-content\plugins\elementor\modules\element-cache\module.php(71): Elementor\Element_Base->print_element()
#10 C:\xampp\htdocs\viphoseandseals\wp-includes\shortcodes.php(434): Elementor\Modules\ElementCache\Module->Elementor\Modules\ElementCache\{closure}(Array, '', 'elementor-eleme...')
#11 [internal function]: do_shortcode_tag(Array)
#12 C:\xampp\htdocs\viphoseandseals\wp-includes\shortcodes.php(273): preg_replace_callback('/\\[(\\[?)(elemen...', 'do_shortcode_ta...', '<div class="ele...')
#13 C:\xampp\htdocs\viphoseandseals\wp-content\plugins\elementor\core\base\document.php(1888): do_shortcode('<div class="ele...')
#14 C:\xampp\htdocs\viphoseandseals\wp-content\plugins\elementor\core\base\document.php(1221): Elementor\Core\Base\Document->print_elements(Array)
#15 C:\xampp\htdocs\viphoseandseals\wp-content\plugins\elementor\includes\frontend.php(1198): Elementor\Core\Base\Document->print_elements_with_wrapper(Array)
#16 C:\xampp\htdocs\viphoseandseals\wp-content\plugins\elementor\includes\frontend.php(1093): Elementor\Frontend->get_builder_content(727)
#17 C:\xampp\htdocs\viphoseandseals\wp-includes\class-wp-hook.php(324): Elementor\Frontend->apply_builder_in_content('<h2>Build a Hos...')
#18 C:\xampp\htdocs\viphoseandseals\wp-includes\plugin.php(205): WP_Hook->apply_filters('<h2>Build a Hos...', Array)
#19 C:\xampp\htdocs\viphoseandseals\wp-includes\post-template.php(256): apply_filters('the_content', '<h2>Build a Hos...')
#20 C:\xampp\htdocs\viphoseandseals\wp-content\plugins\elementor\modules\page-templates\module.php(188): the_content()
#21 [internal function]: Elementor\Modules\PageTemplates\Module->print_callback()
#22 C:\xampp\htdocs\viphoseandseals\wp-content\plugins\elementor\modules\page-templates\module.php(205): call_user_func(Array)
#23 C:\xampp\htdocs\viphoseandseals\wp-content\plugins\elementor\modules\page-templates\templates\header-footer.php(19): Elementor\Modules\PageTemplates\Module->print_content()
#24 C:\xampp\htdocs\viphoseandseals\wp-includes\template-loader.php(106): include('C:\\xampp\\htdocs...')
#25 C:\xampp\htdocs\viphoseandseals\wp-blog-header.php(19): require_once('C:\\xampp\\htdocs...')
#26 C:\xampp\htdocs\viphoseandseals\index.php(17): require('C:\\xampp\\htdocs...')
#27 {main}
  thrown in C:\xampp\htdocs\viphoseandseals\wp-content\plugins\hose-builder\templates\form.php on line 363
[31-Mar-2026 13:00:55 UTC] PHP Fatal error:  Uncaught Error: Call to undefined function get_open_product_id() in C:\xampp\htdocs\viphoseandseals\wp-content\plugins\hose-builder\templates\form.php:363
Stack trace:
#0 C:\xampp\htdocs\viphoseandseals\wp-content\plugins\hose-builder\hose-builder.php(41): include()
#1 C:\xampp\htdocs\viphoseandseals\wp-includes\shortcodes.php(434): {closure}(Array, '', 'hose_builder')
#2 [internal function]: do_shortcode_tag(Array)
#3 C:\xampp\htdocs\viphoseandseals\wp-includes\shortcodes.php(273): preg_replace_callback('/\\[(\\[?)(hose_b...', 'do_shortcode_ta...', '[hose_builder]')
#4 C:\xampp\htdocs\viphoseandseals\wp-content\plugins\elementor\includes\widgets\shortcode.php(141): do_shortcode('[hose_builder]')
#5 C:\xampp\htdocs\viphoseandseals\wp-content\plugins\elementor\includes\base\controls-stack.php(2374): Elementor\Widget_Shortcode->render()
#6 C:\xampp\htdocs\viphoseandseals\wp-content\plugins\elementor\includes\base\widget-base.php(636): Elementor\Controls_Stack->render_by_mode()
#7 C:\xampp\htdocs\viphoseandseals\wp-content\plugins\elementor\includes\base\widget-base.php(774): Elementor\Widget_Base->render_content()
#8 C:\xampp\htdocs\viphoseandseals\wp-content\plugins\elementor\includes\base\element-base.php(494): Elementor\Widget_Base->print_content()
#9 C:\xampp\htdocs\viphoseandseals\wp-content\plugins\elementor\modules\element-cache\module.php(71): Elementor\Element_Base->print_element()
#10 C:\xampp\htdocs\viphoseandseals\wp-includes\shortcodes.php(434): Elementor\Modules\ElementCache\Module->Elementor\Modules\ElementCache\{closure}(Array, '', 'elementor-eleme...')
#11 [internal function]: do_shortcode_tag(Array)
#12 C:\xampp\htdocs\viphoseandseals\wp-includes\shortcodes.php(273): preg_replace_callback('/\\[(\\[?)(elemen...', 'do_shortcode_ta...', '<div class="ele...')
#13 C:\xampp\htdocs\viphoseandseals\wp-content\plugins\elementor\core\base\document.php(1888): do_shortcode('<div class="ele...')
#14 C:\xampp\htdocs\viphoseandseals\wp-content\plugins\elementor\core\base\document.php(1221): Elementor\Core\Base\Document->print_elements(Array)
#15 C:\xampp\htdocs\viphoseandseals\wp-content\plugins\elementor\includes\frontend.php(1198): Elementor\Core\Base\Document->print_elements_with_wrapper(Array)
#16 C:\xampp\htdocs\viphoseandseals\wp-content\plugins\elementor\includes\frontend.php(1093): Elementor\Frontend->get_builder_content(727)
#17 C:\xampp\htdocs\viphoseandseals\wp-includes\class-wp-hook.php(324): Elementor\Frontend->apply_builder_in_content('<h2>Build a Hos...')
#18 C:\xampp\htdocs\viphoseandseals\wp-includes\plugin.php(205): WP_Hook->apply_filters('<h2>Build a Hos...', Array)
#19 C:\xampp\htdocs\viphoseandseals\wp-includes\post-template.php(256): apply_filters('the_content', '<h2>Build a Hos...')
#20 C:\xampp\htdocs\viphoseandseals\wp-content\plugins\elementor\modules\page-templates\module.php(188): the_content()
#21 [internal function]: Elementor\Modules\PageTemplates\Module->print_callback()
#22 C:\xampp\htdocs\viphoseandseals\wp-content\plugins\elementor\modules\page-templates\module.php(205): call_user_func(Array)
#23 C:\xampp\htdocs\viphoseandseals\wp-content\plugins\elementor\modules\page-templates\templates\header-footer.php(19): Elementor\Modules\PageTemplates\Module->print_content()
#24 C:\xampp\htdocs\viphoseandseals\wp-includes\template-loader.php(106): include('C:\\xampp\\htdocs...')
#25 C:\xampp\htdocs\viphoseandseals\wp-blog-header.php(19): require_once('C:\\xampp\\htdocs...')
#26 C:\xampp\htdocs\viphoseandseals\index.php(17): require('C:\\xampp\\htdocs...')
#27 {main}
  thrown in C:\xampp\htdocs\viphoseandseals\wp-content\plugins\hose-builder\templates\form.php on line 363
[31-Mar-2026 13:00:58 UTC] PHP Fatal error:  Uncaught Error: Call to undefined function get_open_product_id() in C:\xampp\htdocs\viphoseandseals\wp-content\plugins\hose-builder\templates\form.php:363
Stack trace:
#0 C:\xampp\htdocs\viphoseandseals\wp-content\plugins\hose-builder\hose-builder.php(41): include()
#1 C:\xampp\htdocs\viphoseandseals\wp-includes\shortcodes.php(434): {closure}(Array, '', 'hose_builder')
#2 [internal function]: do_shortcode_tag(Array)
#3 C:\xampp\htdocs\viphoseandseals\wp-includes\shortcodes.php(273): preg_replace_callback('/\\[(\\[?)(hose_b...', 'do_shortcode_ta...', '[hose_builder]')
#4 C:\xampp\htdocs\viphoseandseals\wp-content\plugins\elementor\includes\widgets\shortcode.php(141): do_shortcode('[hose_builder]')
#5 C:\xampp\htdocs\viphoseandseals\wp-content\plugins\elementor\includes\base\controls-stack.php(2374): Elementor\Widget_Shortcode->render()
#6 C:\xampp\htdocs\viphoseandseals\wp-content\plugins\elementor\includes\base\widget-base.php(636): Elementor\Controls_Stack->render_by_mode()
#7 C:\xampp\htdocs\viphoseandseals\wp-content\plugins\elementor\includes\base\widget-base.php(774): Elementor\Widget_Base->render_content()
#8 C:\xampp\htdocs\viphoseandseals\wp-content\plugins\elementor\includes\base\element-base.php(494): Elementor\Widget_Base->print_content()
#9 C:\xampp\htdocs\viphoseandseals\wp-content\plugins\elementor\modules\element-cache\module.php(71): Elementor\Element_Base->print_element()
#10 C:\xampp\htdocs\viphoseandseals\wp-includes\shortcodes.php(434): Elementor\Modules\ElementCache\Module->Elementor\Modules\ElementCache\{closure}(Array, '', 'elementor-eleme...')
#11 [internal function]: do_shortcode_tag(Array)
#12 C:\xampp\htdocs\viphoseandseals\wp-includes\shortcodes.php(273): preg_replace_callback('/\\[(\\[?)(elemen...', 'do_shortcode_ta...', '<div class="ele...')
#13 C:\xampp\htdocs\viphoseandseals\wp-content\plugins\elementor\core\base\document.php(1888): do_shortcode('<div class="ele...')
#14 C:\xampp\htdocs\viphoseandseals\wp-content\plugins\elementor\core\base\document.php(1221): Elementor\Core\Base\Document->print_elements(Array)
#15 C:\xampp\htdocs\viphoseandseals\wp-content\plugins\elementor\includes\frontend.php(1198): Elementor\Core\Base\Document->print_elements_with_wrapper(Array)
#16 C:\xampp\htdocs\viphoseandseals\wp-content\plugins\elementor\includes\frontend.php(1093): Elementor\Frontend->get_builder_content(727)
#17 C:\xampp\htdocs\viphoseandseals\wp-includes\class-wp-hook.php(324): Elementor\Frontend->apply_builder_in_content('<h2>Build a Hos...')
#18 C:\xampp\htdocs\viphoseandseals\wp-includes\plugin.php(205): WP_Hook->apply_filters('<h2>Build a Hos...', Array)
#19 C:\xampp\htdocs\viphoseandseals\wp-includes\post-template.php(256): apply_filters('the_content', '<h2>Build a Hos...')
#20 C:\xampp\htdocs\viphoseandseals\wp-content\plugins\elementor\modules\page-templates\module.php(188): the_content()
#21 [internal function]: Elementor\Modules\PageTemplates\Module->print_callback()
#22 C:\xampp\htdocs\viphoseandseals\wp-content\plugins\elementor\modules\page-templates\module.php(205): call_user_func(Array)
#23 C:\xampp\htdocs\viphoseandseals\wp-content\plugins\elementor\modules\page-templates\templates\header-footer.php(19): Elementor\Modules\PageTemplates\Module->print_content()
#24 C:\xampp\htdocs\viphoseandseals\wp-includes\template-loader.php(106): include('C:\\xampp\\htdocs...')
#25 C:\xampp\htdocs\viphoseandseals\wp-blog-header.php(19): require_once('C:\\xampp\\htdocs...')
#26 C:\xampp\htdocs\viphoseandseals\index.php(17): require('C:\\xampp\\htdocs...')
#27 {main}
  thrown in C:\xampp\htdocs\viphoseandseals\wp-content\plugins\hose-builder\templates\form.php on line 363
[31-Mar-2026 13:01:10 UTC] PHP Fatal error:  Cannot redeclare hb_save_assembly_data_to_order_item() (previously declared in C:\xampp\htdocs\viphoseandseals\wp-content\plugins\hose-builder\includes\form-handler.php:244) in C:\xampp\htdocs\viphoseandseals\wp-content\plugins\hose-builder\includes\cart-display.php on line 448
[31-Mar-2026 13:01:19 UTC] PHP Fatal error:  Uncaught Error: Call to undefined function get_open_product_id() in C:\xampp\htdocs\viphoseandseals\wp-content\plugins\hose-builder\templates\form.php:363
Stack trace:
#0 C:\xampp\htdocs\viphoseandseals\wp-content\plugins\hose-builder\hose-builder.php(41): include()
#1 C:\xampp\htdocs\viphoseandseals\wp-includes\shortcodes.php(434): {closure}(Array, '', 'hose_builder')
#2 [internal function]: do_shortcode_tag(Array)
#3 C:\xampp\htdocs\viphoseandseals\wp-includes\shortcodes.php(273): preg_replace_callback('/\\[(\\[?)(hose_b...', 'do_shortcode_ta...', '[hose_builder]')
#4 C:\xampp\htdocs\viphoseandseals\wp-content\plugins\elementor\includes\widgets\shortcode.php(141): do_shortcode('[hose_builder]')
#5 C:\xampp\htdocs\viphoseandseals\wp-content\plugins\elementor\includes\base\controls-stack.php(2374): Elementor\Widget_Shortcode->render()
#6 C:\xampp\htdocs\viphoseandseals\wp-content\plugins\elementor\includes\base\widget-base.php(636): Elementor\Controls_Stack->render_by_mode()
#7 C:\xampp\htdocs\viphoseandseals\wp-content\plugins\elementor\includes\base\widget-base.php(774): Elementor\Widget_Base->render_content()
#8 C:\xampp\htdocs\viphoseandseals\wp-content\plugins\elementor\includes\base\element-base.php(494): Elementor\Widget_Base->print_content()
#9 C:\xampp\htdocs\viphoseandseals\wp-content\plugins\elementor\modules\element-cache\module.php(71): Elementor\Element_Base->print_element()
#10 C:\xampp\htdocs\viphoseandseals\wp-includes\shortcodes.php(434): Elementor\Modules\ElementCache\Module->Elementor\Modules\ElementCache\{closure}(Array, '', 'elementor-eleme...')
#11 [internal function]: do_shortcode_tag(Array)
#12 C:\xampp\htdocs\viphoseandseals\wp-includes\shortcodes.php(273): preg_replace_callback('/\\[(\\[?)(elemen...', 'do_shortcode_ta...', '<div class="ele...')
#13 C:\xampp\htdocs\viphoseandseals\wp-content\plugins\elementor\core\base\document.php(1888): do_shortcode('<div class="ele...')
#14 C:\xampp\htdocs\viphoseandseals\wp-content\plugins\elementor\core\base\document.php(1221): Elementor\Core\Base\Document->print_elements(Array)
#15 C:\xampp\htdocs\viphoseandseals\wp-content\plugins\elementor\includes\frontend.php(1198): Elementor\Core\Base\Document->print_elements_with_wrapper(Array)
#16 C:\xampp\htdocs\viphoseandseals\wp-content\plugins\elementor\includes\frontend.php(1093): Elementor\Frontend->get_builder_content(727)
#17 C:\xampp\htdocs\viphoseandseals\wp-includes\class-wp-hook.php(324): Elementor\Frontend->apply_builder_in_content('<h2>Build a Hos...')
#18 C:\xampp\htdocs\viphoseandseals\wp-includes\plugin.php(205): WP_Hook->apply_filters('<h2>Build a Hos...', Array)
#19 C:\xampp\htdocs\viphoseandseals\wp-includes\post-template.php(256): apply_filters('the_content', '<h2>Build a Hos...')
#20 C:\xampp\htdocs\viphoseandseals\wp-content\plugins\elementor\modules\page-templates\module.php(188): the_content()
#21 [internal function]: Elementor\Modules\PageTemplates\Module->print_callback()
#22 C:\xampp\htdocs\viphoseandseals\wp-content\plugins\elementor\modules\page-templates\module.php(205): call_user_func(Array)
#23 C:\xampp\htdocs\viphoseandseals\wp-content\plugins\elementor\modules\page-templates\templates\header-footer.php(19): Elementor\Modules\PageTemplates\Module->print_content()
#24 C:\xampp\htdocs\viphoseandseals\wp-includes\template-loader.php(106): include('C:\\xampp\\htdocs...')
#25 C:\xampp\htdocs\viphoseandseals\wp-blog-header.php(19): require_once('C:\\xampp\\htdocs...')
#26 C:\xampp\htdocs\viphoseandseals\index.php(17): require('C:\\xampp\\htdocs...')
#27 {main}
  thrown in C:\xampp\htdocs\viphoseandseals\wp-content\plugins\hose-builder\templates\form.php on line 363
[31-Mar-2026 13:01:37 UTC] PHP Fatal error:  Uncaught Error: Call to undefined function get_open_product_id() in C:\xampp\htdocs\viphoseandseals\wp-content\plugins\hose-builder\templates\form.php:363
Stack trace:
#0 C:\xampp\htdocs\viphoseandseals\wp-content\plugins\hose-builder\hose-builder.php(41): include()
#1 C:\xampp\htdocs\viphoseandseals\wp-includes\shortcodes.php(434): {closure}(Array, '', 'hose_builder')
#2 [internal function]: do_shortcode_tag(Array)
#3 C:\xampp\htdocs\viphoseandseals\wp-includes\shortcodes.php(273): preg_replace_callback('/\\[(\\[?)(hose_b...', 'do_shortcode_ta...', '[hose_builder]')
#4 C:\xampp\htdocs\viphoseandseals\wp-content\plugins\elementor\includes\widgets\shortcode.php(141): do_shortcode('[hose_builder]')
#5 C:\xampp\htdocs\viphoseandseals\wp-content\plugins\elementor\includes\base\controls-stack.php(2374): Elementor\Widget_Shortcode->render()
#6 C:\xampp\htdocs\viphoseandseals\wp-content\plugins\elementor\includes\base\widget-base.php(636): Elementor\Controls_Stack->render_by_mode()
#7 C:\xampp\htdocs\viphoseandseals\wp-content\plugins\elementor\includes\base\widget-base.php(774): Elementor\Widget_Base->render_content()
#8 C:\xampp\htdocs\viphoseandseals\wp-content\plugins\elementor\includes\base\element-base.php(494): Elementor\Widget_Base->print_content()
#9 C:\xampp\htdocs\viphoseandseals\wp-content\plugins\elementor\modules\element-cache\module.php(71): Elementor\Element_Base->print_element()
#10 C:\xampp\htdocs\viphoseandseals\wp-includes\shortcodes.php(434): Elementor\Modules\ElementCache\Module->Elementor\Modules\ElementCache\{closure}(Array, '', 'elementor-eleme...')
#11 [internal function]: do_shortcode_tag(Array)
#12 C:\xampp\htdocs\viphoseandseals\wp-includes\shortcodes.php(273): preg_replace_callback('/\\[(\\[?)(elemen...', 'do_shortcode_ta...', '<div class="ele...')
#13 C:\xampp\htdocs\viphoseandseals\wp-content\plugins\elementor\core\base\document.php(1888): do_shortcode('<div class="ele...')
#14 C:\xampp\htdocs\viphoseandseals\wp-content\plugins\elementor\core\base\document.php(1221): Elementor\Core\Base\Document->print_elements(Array)
#15 C:\xampp\htdocs\viphoseandseals\wp-content\plugins\elementor\includes\frontend.php(1198): Elementor\Core\Base\Document->print_elements_with_wrapper(Array)
#16 C:\xampp\htdocs\viphoseandseals\wp-content\plugins\elementor\includes\frontend.php(1093): Elementor\Frontend->get_builder_content(727)
#17 C:\xampp\htdocs\viphoseandseals\wp-includes\class-wp-hook.php(324): Elementor\Frontend->apply_builder_in_content('<h2>Build a Hos...')
#18 C:\xampp\htdocs\viphoseandseals\wp-includes\plugin.php(205): WP_Hook->apply_filters('<h2>Build a Hos...', Array)
#19 C:\xampp\htdocs\viphoseandseals\wp-includes\post-template.php(256): apply_filters('the_content', '<h2>Build a Hos...')
#20 C:\xampp\htdocs\viphoseandseals\wp-content\plugins\elementor\modules\page-templates\module.php(188): the_content()
#21 [internal function]: Elementor\Modules\PageTemplates\Module->print_callback()
#22 C:\xampp\htdocs\viphoseandseals\wp-content\plugins\elementor\modules\page-templates\module.php(205): call_user_func(Array)
#23 C:\xampp\htdocs\viphoseandseals\wp-content\plugins\elementor\modules\page-templates\templates\header-footer.php(19): Elementor\Modules\PageTemplates\Module->print_content()
#24 C:\xampp\htdocs\viphoseandseals\wp-includes\template-loader.php(106): include('C:\\xampp\\htdocs...')
#25 C:\xampp\htdocs\viphoseandseals\wp-blog-header.php(19): require_once('C:\\xampp\\htdocs...')
#26 C:\xampp\htdocs\viphoseandseals\index.php(17): require('C:\\xampp\\htdocs...')
#27 {main}
  thrown in C:\xampp\htdocs\viphoseandseals\wp-content\plugins\hose-builder\templates\form.php on line 363
[31-Mar-2026 13:02:01 UTC] PHP Fatal error:  Uncaught Error: Call to undefined function get_open_product_id() in C:\xampp\htdocs\viphoseandseals\wp-content\plugins\hose-builder\templates\form.php:363
Stack trace:
#0 C:\xampp\htdocs\viphoseandseals\wp-content\plugins\hose-builder\hose-builder.php(41): include()
#1 C:\xampp\htdocs\viphoseandseals\wp-includes\shortcodes.php(434): {closure}(Array, '', 'hose_builder')
#2 [internal function]: do_shortcode_tag(Array)
#3 C:\xampp\htdocs\viphoseandseals\wp-includes\shortcodes.php(273): preg_replace_callback('/\\[(\\[?)(hose_b...', 'do_shortcode_ta...', '[hose_builder]')
#4 C:\xampp\htdocs\viphoseandseals\wp-content\plugins\elementor\includes\widgets\shortcode.php(141): do_shortcode('[hose_builder]')
#5 C:\xampp\htdocs\viphoseandseals\wp-content\plugins\elementor\includes\base\controls-stack.php(2374): Elementor\Widget_Shortcode->render()
#6 C:\xampp\htdocs\viphoseandseals\wp-content\plugins\elementor\includes\base\widget-base.php(636): Elementor\Controls_Stack->render_by_mode()
#7 C:\xampp\htdocs\viphoseandseals\wp-content\plugins\elementor\includes\base\widget-base.php(774): Elementor\Widget_Base->render_content()
#8 C:\xampp\htdocs\viphoseandseals\wp-content\plugins\elementor\includes\base\element-base.php(494): Elementor\Widget_Base->print_content()
#9 C:\xampp\htdocs\viphoseandseals\wp-content\plugins\elementor\modules\element-cache\module.php(71): Elementor\Element_Base->print_element()
#10 C:\xampp\htdocs\viphoseandseals\wp-includes\shortcodes.php(434): Elementor\Modules\ElementCache\Module->Elementor\Modules\ElementCache\{closure}(Array, '', 'elementor-eleme...')
#11 [internal function]: do_shortcode_tag(Array)
#12 C:\xampp\htdocs\viphoseandseals\wp-includes\shortcodes.php(273): preg_replace_callback('/\\[(\\[?)(elemen...', 'do_shortcode_ta...', '<div class="ele...')
#13 C:\xampp\htdocs\viphoseandseals\wp-content\plugins\elementor\core\base\document.php(1888): do_shortcode('<div class="ele...')
#14 C:\xampp\htdocs\viphoseandseals\wp-content\plugins\elementor\core\base\document.php(1221): Elementor\Core\Base\Document->print_elements(Array)
#15 C:\xampp\htdocs\viphoseandseals\wp-content\plugins\elementor\includes\frontend.php(1198): Elementor\Core\Base\Document->print_elements_with_wrapper(Array)
#16 C:\xampp\htdocs\viphoseandseals\wp-content\plugins\elementor\includes\frontend.php(1093): Elementor\Frontend->get_builder_content(727)
#17 C:\xampp\htdocs\viphoseandseals\wp-includes\class-wp-hook.php(324): Elementor\Frontend->apply_builder_in_content('<h2>Build a Hos...')
#18 C:\xampp\htdocs\viphoseandseals\wp-includes\plugin.php(205): WP_Hook->apply_filters('<h2>Build a Hos...', Array)
#19 C:\xampp\htdocs\viphoseandseals\wp-includes\post-template.php(256): apply_filters('the_content', '<h2>Build a Hos...')
#20 C:\xampp\htdocs\viphoseandseals\wp-content\plugins\elementor\modules\page-templates\module.php(188): the_content()
#21 [internal function]: Elementor\Modules\PageTemplates\Module->print_callback()
#22 C:\xampp\htdocs\viphoseandseals\wp-content\plugins\elementor\modules\page-templates\module.php(205): call_user_func(Array)
#23 C:\xampp\htdocs\viphoseandseals\wp-content\plugins\elementor\modules\page-templates\templates\header-footer.php(19): Elementor\Modules\PageTemplates\Module->print_content()
#24 C:\xampp\htdocs\viphoseandseals\wp-includes\template-loader.php(106): include('C:\\xampp\\htdocs...')
#25 C:\xampp\htdocs\viphoseandseals\wp-blog-header.php(19): require_once('C:\\xampp\\htdocs...')
#26 C:\xampp\htdocs\viphoseandseals\index.php(17): require('C:\\xampp\\htdocs...')
#27 {main}
  thrown in C:\xampp\htdocs\viphoseandseals\wp-content\plugins\hose-builder\templates\form.php on line 363
[31-Mar-2026 13:02:04 UTC] PHP Fatal error:  Uncaught Error: Call to undefined function get_open_product_id() in C:\xampp\htdocs\viphoseandseals\wp-content\plugins\hose-builder\templates\form.php:363
Stack trace:
#0 C:\xampp\htdocs\viphoseandseals\wp-content\plugins\hose-builder\hose-builder.php(41): include()
#1 C:\xampp\htdocs\viphoseandseals\wp-includes\shortcodes.php(434): {closure}(Array, '', 'hose_builder')
#2 [internal function]: do_shortcode_tag(Array)
#3 C:\xampp\htdocs\viphoseandseals\wp-includes\shortcodes.php(273): preg_replace_callback('/\\[(\\[?)(hose_b...', 'do_shortcode_ta...', '[hose_builder]')
#4 C:\xampp\htdocs\viphoseandseals\wp-content\plugins\elementor\includes\widgets\shortcode.php(141): do_shortcode('[hose_builder]')
#5 C:\xampp\htdocs\viphoseandseals\wp-content\plugins\elementor\includes\base\controls-stack.php(2374): Elementor\Widget_Shortcode->render()
#6 C:\xampp\htdocs\viphoseandseals\wp-content\plugins\elementor\includes\base\widget-base.php(636): Elementor\Controls_Stack->render_by_mode()
#7 C:\xampp\htdocs\viphoseandseals\wp-content\plugins\elementor\includes\base\widget-base.php(774): Elementor\Widget_Base->render_content()
#8 C:\xampp\htdocs\viphoseandseals\wp-content\plugins\elementor\includes\base\element-base.php(494): Elementor\Widget_Base->print_content()
#9 C:\xampp\htdocs\viphoseandseals\wp-content\plugins\elementor\modules\element-cache\module.php(71): Elementor\Element_Base->print_element()
#10 C:\xampp\htdocs\viphoseandseals\wp-includes\shortcodes.php(434): Elementor\Modules\ElementCache\Module->Elementor\Modules\ElementCache\{closure}(Array, '', 'elementor-eleme...')
#11 [internal function]: do_shortcode_tag(Array)
#12 C:\xampp\htdocs\viphoseandseals\wp-includes\shortcodes.php(273): preg_replace_callback('/\\[(\\[?)(elemen...', 'do_shortcode_ta...', '<div class="ele...')
#13 C:\xampp\htdocs\viphoseandseals\wp-content\plugins\elementor\core\base\document.php(1888): do_shortcode('<div class="ele...')
#14 C:\xampp\htdocs\viphoseandseals\wp-content\plugins\elementor\core\base\document.php(1221): Elementor\Core\Base\Document->print_elements(Array)
#15 C:\xampp\htdocs\viphoseandseals\wp-content\plugins\elementor\includes\frontend.php(1198): Elementor\Core\Base\Document->print_elements_with_wrapper(Array)
#16 C:\xampp\htdocs\viphoseandseals\wp-content\plugins\elementor\includes\frontend.php(1093): Elementor\Frontend->get_builder_content(727)
#17 C:\xampp\htdocs\viphoseandseals\wp-includes\class-wp-hook.php(324): Elementor\Frontend->apply_builder_in_content('<h2>Build a Hos...')
#18 C:\xampp\htdocs\viphoseandseals\wp-includes\plugin.php(205): WP_Hook->apply_filters('<h2>Build a Hos...', Array)
#19 C:\xampp\htdocs\viphoseandseals\wp-includes\post-template.php(256): apply_filters('the_content', '<h2>Build a Hos...')
#20 C:\xampp\htdocs\viphoseandseals\wp-content\plugins\elementor\modules\page-templates\module.php(188): the_content()
#21 [internal function]: Elementor\Modules\PageTemplates\Module->print_callback()
#22 C:\xampp\htdocs\viphoseandseals\wp-content\plugins\elementor\modules\page-templates\module.php(205): call_user_func(Array)
#23 C:\xampp\htdocs\viphoseandseals\wp-content\plugins\elementor\modules\page-templates\templates\header-footer.php(19): Elementor\Modules\PageTemplates\Module->print_content()
#24 C:\xampp\htdocs\viphoseandseals\wp-includes\template-loader.php(106): include('C:\\xampp\\htdocs...')
#25 C:\xampp\htdocs\viphoseandseals\wp-blog-header.php(19): require_once('C:\\xampp\\htdocs...')
#26 C:\xampp\htdocs\viphoseandseals\index.php(17): require('C:\\xampp\\htdocs...')
#27 {main}
  thrown in C:\xampp\htdocs\viphoseandseals\wp-content\plugins\hose-builder\templates\form.php on line 363
[31-Mar-2026 15:40:20 UTC] Automatic updates starting...
[31-Mar-2026 15:40:21 UTC]   Automatic plugin updates starting...
[31-Mar-2026 15:40:21 UTC]   Automatic plugin updates complete.
[31-Mar-2026 15:40:22 UTC]   Automatic theme updates starting...
[31-Mar-2026 15:40:22 UTC]   Automatic theme updates complete.
[31-Mar-2026 15:40:22 UTC] Automatic updates complete.
[01-Apr-2026 03:40:15 UTC] Automatic updates starting...
[01-Apr-2026 03:40:17 UTC]   Automatic plugin updates starting...
[01-Apr-2026 03:40:17 UTC]   Automatic plugin updates complete.
[01-Apr-2026 03:40:18 UTC]   Automatic theme updates starting...
[01-Apr-2026 03:40:18 UTC]   Automatic theme updates complete.
[01-Apr-2026 03:40:18 UTC] Automatic updates complete.
[01-Apr-2026 15:40:13 UTC] Automatic updates starting...
[01-Apr-2026 15:40:15 UTC]   Automatic plugin updates starting...
[01-Apr-2026 15:40:15 UTC]   Automatic plugin updates complete.
[01-Apr-2026 15:40:16 UTC]   Automatic theme updates starting...
[01-Apr-2026 15:40:16 UTC]   Automatic theme updates complete.
[01-Apr-2026 15:40:16 UTC] Automatic updates complete.
